// Jest Snapshot v1, https://goo.gl/fbAQLP

exports[`<HtmlView> atom component WHEN the component loads THEN it should match snapshot 1`] = `
<div
  className="html-view"
  dangerouslySetInnerHTML={
    Object {
      "__html": "<p>Mock test</p>",
    }
  }
/>
`;
