// Jest Snapshot v1, https://goo.gl/fbAQLP

exports[`<Avatar> atom component WHEN the component loads THEN it should match snapshot 1`] = `
<div
  className="application-fallback"
>
  Loading...
</div>
`;
