// Jest Snapshot v1, https://goo.gl/fbAQLP

exports[`<Default> template component WHEN the component loads THEN it should match snapshot 1`] = `
<div
  className="default-template"
>
  <DefaultHeader />
  <main>
    <div>
      Test
    </div>
  </main>
</div>
`;
