// Jest Snapshot v1, https://goo.gl/fbAQLP

exports[`<LinearDotsLoader> atom component WHEN the component loads THEN it should match snapshot 1`] = `
<p
  className="linear-dots-loader"
>
  <span />
  <span />
  <span />
</p>
`;
