// Jest Snapshot v1, https://goo.gl/fbAQLP

exports[`<Anim> atom component WHEN the component loads THEN it should match snapshot 1`] = `
<div
  style={
    Object {
      "animationDelay": "0.2s",
      "animationDuration": "0.4s",
      "animationFillMode": "both",
      "animationName": "show",
      "opacity": 0,
    }
  }
>
  <CardWrapper>
    Test
  </CardWrapper>
</div>
`;
