// Jest Snapshot v1, https://goo.gl/fbAQLP

exports[`<FormText> compound component WHEN the component loads THEN it should match snapshot 1`] = `
<Typography
  variant="h1"
>
  Check text
</Typography>
`;
