// Jest Snapshot v1, https://goo.gl/fbAQLP

exports[`<ContentLimiter> layout component WHEN the component loads THEN it should match snapshot 1`] = `
<div
  className="content-limiter"
>
  <div>
    Test component
  </div>
</div>
`;
