// Jest Snapshot v1, https://goo.gl/fbAQLP

exports[`<ReactIcon> atom component WHEN the component loads THEN it should match snapshot 1`] = `
<div
  className="react-icon react-icon--color-primary react-icon--size-lg"
  id="check-icon"
>
  <IoMdCloseCircle />
</div>
`;
