// Jest Snapshot v1, https://goo.gl/fbAQLP

exports[`<Wysiwyg> atom component WHEN the component loads THEN it should match snapshot 1`] = `
<div
  className="wysiwyg"
  id="wysiwyg-test"
>
  <div
    aria-label="rdw-wrapper"
    className="rdw-editor-wrapper"
    id="rdw-wrapper-6500"
    onBlur={[Function]}
    onClick={[Function]}
  >
    <div
      aria-hidden="false"
      aria-label="rdw-toolbar"
      className="rdw-editor-toolbar wysiwyg__toolbar"
      onFocus={[Function]}
      onMouseDown={[Function]}
      style={
        Object {
          "visibility": "visible",
        }
      }
    >
      <div
        aria-label="rdw-inline-control"
        className="rdw-inline-wrapper"
      >
        <div
          aria-selected={false}
          className="rdw-option-wrapper"
          onClick={[Function]}
          title="Bold"
        >
          <img
            alt=""
            src="data:image/svg+xml;base64,PHN2ZyB3aWR0aD0iMTIiIGhlaWdodD0iMTMiIHhtbG5zPSJodHRwOi8vd3d3LnczLm9yZy8yMDAwL3N2ZyI+PHBhdGggZD0iTTYuMjM2IDBjMS42NTIgMCAyLjk0LjI5OCAzLjg2Ni44OTMuOTI1LjU5NSAxLjM4OCAxLjQ4NSAxLjM4OCAyLjY2OSAwIC42MDEtLjE3MyAxLjEzOS0uNTE2IDEuNjEtLjM0My40NzQtLjg0NC44My0xLjQ5OSAxLjA2OC44NDMuMTY3IDEuNDc0LjUyMyAxLjg5NSAxLjA3MS40MTkuNTUuNjMgMS4xODMuNjMgMS45MDMgMCAxLjI0NS0uNDQ0IDIuMTg3LTEuMzMgMi44MjUtLjg4Ni42NDEtMi4xNDQuOTYxLTMuNzY5Ljk2MUgwdi0yLjE2N2gxLjQ5NFYyLjE2N0gwVjBoNi4yMzZ6TTQuMzA4IDUuNDQ2aDIuMDI0Yy43NTIgMCAxLjMzLS4xNDMgMS43MzQtLjQzLjQwNS0uMjg1LjYwOC0uNzAxLjYwOC0xLjI1IDAtLjYtLjIwNC0xLjA0NC0uNjEyLTEuMzMtLjQwOC0uMjg2LTEuMDE2LS40MjctMS44MjYtLjQyN0g0LjMwOHYzLjQzN3ptMCAxLjgwNFYxMWgyLjU5M2MuNzQ3IDAgMS4zMTQtLjE1MiAxLjcwNy0uNDUyLjM5LS4zLjU4OC0uNzQ1LjU4OC0xLjMzNCAwLS42MzYtLjE2OC0xLjEyNC0uNS0xLjQ2LS4zMzYtLjMzNS0uODY0LS41MDQtMS41ODItLjUwNEg0LjMwOHoiIGZpbGw9IiMwMDAiIGZpbGwtcnVsZT0iZXZlbm9kZCIvPjwvc3ZnPg=="
          />
        </div>
        <div
          aria-selected={false}
          className="rdw-option-wrapper"
          onClick={[Function]}
          title="Italic"
        >
          <img
            alt=""
            src="data:image/svg+xml;base64,PHN2ZyB4bWxucz0iaHR0cDovL3d3dy53My5vcmcvMjAwMC9zdmciIHdpZHRoPSIxNiIgaGVpZ2h0PSIxNiI+PHBhdGggZD0iTTcgM1YyaDR2MUg5Ljc1M2wtMyAxMEg4djFINHYtMWgxLjI0N2wzLTEwSDd6Ii8+PC9zdmc+"
          />
        </div>
        <div
          aria-selected={false}
          className="rdw-option-wrapper"
          onClick={[Function]}
          title="Underline"
        >
          <img
            alt=""
            src="data:image/svg+xml;base64,PHN2ZyB4bWxucz0iaHR0cDovL3d3dy53My5vcmcvMjAwMC9zdmciIHdpZHRoPSIxNiIgaGVpZ2h0PSIxNiI+PHBhdGggZD0iTTYuMDQ1IDJ2Ljk5Mkw0Ljc4NSAzdjUuMTcyYzAgLjg1OS4yNDMgMS41MTIuNzI3IDEuOTU3czEuMTI0LjY2OCAxLjkxOC42NjhjLjgzNiAwIDEuNTA5LS4yMjEgMi4wMTktLjY2NC41MTEtLjQ0Mi43NjYtMS4wOTYuNzY2LTEuOTYxVjNsLTEuMjYtLjAwOFYySDEzdi45OTJMMTEuNzM5IDN2NS4xNzJjMCAxLjIzNC0uMzk4IDIuMTgxLTEuMTk1IDIuODQtLjc5Ny42NTktMS44MzUuOTg4LTMuMTE0Ljk4OC0xLjI0MiAwLTIuMjQ4LS4zMjktMy4wMTctLjk4OC0uNzY5LS42NTktMS4xNTItMS42MDUtMS4xNTItMi44NFYzTDIgMi45OTJWMmg0LjA0NXpNMiAxM2gxMXYxSDJ6Ii8+PC9zdmc+"
          />
        </div>
        <div
          aria-selected={false}
          className="rdw-option-wrapper"
          onClick={[Function]}
          title="Strikethrough"
        >
          <img
            alt=""
            src="data:image/svg+xml;base64,PHN2ZyB3aWR0aD0iMTUiIGhlaWdodD0iMTMiIHhtbG5zPSJodHRwOi8vd3d3LnczLm9yZy8yMDAwL3N2ZyI+PGcgZmlsbD0iIzAwMCIgZmlsbC1ydWxlPSJldmVub2RkIj48cGF0aCBkPSJNNC4wNCA1Ljk1NGg2LjIxNWE3LjQxMiA3LjQxMiAwIDAgMC0uNzk1LS40MzggMTEuOTA3IDExLjkwNyAwIDAgMC0xLjQ0Ny0uNTU3Yy0xLjE4OC0uMzQ4LTEuOTY2LS43MTEtMi4zMzQtMS4wODgtLjM2OC0uMzc3LS41NTItLjc3LS41NTItMS4xODEgMC0uNDk1LjE4Ny0uOTA2LjU2LTEuMjMyLjM4LS4zMzEuODg3LS40OTcgMS41MjMtLjQ5Ny42OCAwIDEuMjY2LjI1NSAxLjc1Ny43NjcuMjk1LjMxNS41ODIuODkxLjg2MSAxLjczbC4xMTcuMDE2LjcwMy4wNS4xLS4wMjRjLjAyOC0uMTUyLjA0Mi0uMjc5LjA0Mi0uMzggMC0uMzM3LS4wMzktLjg1Mi0uMTE3LTEuNTQ0YTkuMzc0IDkuMzc0IDAgMCAwLS4xNzYtLjk5NUM5Ljg4LjM3OSA5LjM4NS4yNDQgOS4wMTcuMTc2IDguMzY1LjA3IDcuODk5LjAxNiA3LjYyLjAxNmMtMS40NSAwLTIuNTQ1LjM1Ny0zLjI4NyAxLjA3MS0uNzQ3LjcyLTEuMTIgMS41ODktMS4xMiAyLjYwNyAwIC41MTEuMTMzIDEuMDQuNCAxLjU4Ni4xMjkuMjUzLjI3LjQ3OC40MjcuNjc0ek04LjI4IDguMTE0Yy41NzUuMjM2Ljk1Ny40MzYgMS4xNDcuNTk5LjQ1MS40MS42NzcuODUyLjY3NyAxLjMyNCAwIC4zODMtLjEzLjc0NS0uMzkzIDEuMDg4LS4yNS4zMzgtLjU5LjU4LTEuMDIuNzI2YTMuNDE2IDMuNDE2IDAgMCAxLTEuMTYzLjIyOGMtLjQwNyAwLS43NzUtLjA2Mi0xLjEwNC0uMTg2YTIuNjk2IDIuNjk2IDAgMCAxLS44NzgtLjQ4IDMuMTMzIDMuMTMzIDAgMCAxLS42Ny0uNzk0IDEuNTI3IDEuNTI3IDAgMCAxLS4xMDQtLjIyNyA1Ny41MjMgNTcuNTIzIDAgMCAwLS4xODgtLjQ3MyAyMS4zNzEgMjEuMzcxIDAgMCAwLS4yNTEtLjU5OWwtLjg1My4wMTd2LjM3MWwtLjAxNy4zMTNhOS45MiA5LjkyIDAgMCAwIDAgLjU3M2MuMDExLjI3LjAxNy43MDkuMDE3IDEuMzE2di4xMWMwIC4wNzkuMDIyLjE0LjA2Ny4xODUuMDgzLjA2OC4yODQuMTQ3LjYwMi4yMzdsMS4xNy4zMzdjLjQ1Mi4xMy45OTYuMTk0IDEuNjMyLjE5NC42ODYgMCAxLjI1Mi0uMDU5IDEuNjk4LS4xNzdhNC42OTQgNC42OTQgMCAwIDAgMS4yOC0uNTU3Yy40MDEtLjI1OS43MDUtLjQ4Ni45MTEtLjY4My4yNjgtLjI3Ni40NjYtLjU2OC41OTQtLjg3OGE0Ljc0IDQuNzQgMCAwIDAgLjM0My0xLjc4OGMwLS4yOTgtLjAyLS41NTctLjA1OC0uNzc2SDguMjgxek0xNC45MTQgNi41N2EuMjYuMjYgMCAwIDAtLjE5My0uMDc2SC4yNjhhLjI2LjI2IDAgMCAwLS4xOTMuMDc2LjI2NC4yNjQgMCAwIDAtLjA3NS4xOTR2LjU0YzAgLjA3OS4wMjUuMTQzLjA3NS4xOTRhLjI2LjI2IDAgMCAwIC4xOTMuMDc2SDE0LjcyYS4yNi4yNiAwIDAgMCAuMTkzLS4wNzYuMjY0LjI2NCAwIDAgMCAuMDc1LS4xOTR2LS41NGEuMjY0LjI2NCAwIDAgMC0uMDc1LS4xOTR6Ii8+PC9nPjwvc3ZnPg=="
          />
        </div>
      </div>
      <div
        aria-label="rdw-list-control"
        className="rdw-list-wrapper"
      >
        <div
          aria-selected={false}
          className="rdw-option-wrapper"
          onClick={[Function]}
          title="Unordered"
        >
          <img
            alt=""
            src="data:image/svg+xml;base64,PHN2ZyB3aWR0aD0iMTYiIGhlaWdodD0iMTQiIHhtbG5zPSJodHRwOi8vd3d3LnczLm9yZy8yMDAwL3N2ZyI+PGcgZmlsbD0iIzAwMCIgZmlsbC1ydWxlPSJldmVub2RkIj48cGF0aCBkPSJNMS43MiAzLjQyN2MuOTUxIDAgMS43MjItLjc2OCAxLjcyMi0xLjcwOFMyLjY3LjAxIDEuNzIuMDFDLjc3LjAwOCAwIC43NzUgMCAxLjcxNWMwIC45NC43NzQgMS43MTEgMS43MiAxLjcxMXptMC0yLjYyNWMuNTEgMCAuOTIyLjQxMi45MjIuOTE0YS45Mi45MiAwIDAgMS0xLjg0MiAwIC45Mi45MiAwIDAgMSAuOTItLjkxNHpNMS43MiA4LjcwM2MuOTUxIDAgMS43MjItLjc2OCAxLjcyMi0xLjcwOFMyLjY3IDUuMjg3IDEuNzIgNS4yODdDLjc3IDUuMjg3IDAgNi4wNTIgMCA2Ljk5NXMuNzc0IDEuNzA4IDEuNzIgMS43MDh6bTAtMi42MjJjLjUxIDAgLjkyMi40MTIuOTIyLjkxNGEuOTIuOTIgMCAwIDEtMS44NDIgMGMwLS41MDUuNDE1LS45MTQuOTItLjkxNHpNMS43MiAxMy45ODJjLjk1MSAwIDEuNzIyLS43NjggMS43MjItMS43MDggMC0uOTQzLS43NzQtMS43MDgtMS43MjEtMS43MDgtLjk0NyAwLTEuNzIxLjc2OC0xLjcyMSAxLjcwOHMuNzc0IDEuNzA4IDEuNzIgMS43MDh6bTAtMi42MjVjLjUxIDAgLjkyMi40MTIuOTIyLjkxNGEuOTIuOTIgMCAxIDEtMS44NDIgMCAuOTIuOTIgMCAwIDEgLjkyLS45MTR6TTUuNzQ0IDIuMTE1aDkuODQ1YS40LjQgMCAwIDAgLjQwMS0uMzk5LjQuNCAwIDAgMC0uNDAxLS4zOTlINS43NDRhLjQuNCAwIDAgMC0uNDAyLjM5OS40LjQgMCAwIDAgLjQwMi4zOTl6TTUuNzQ0IDcuMzk0aDkuODQ1YS40LjQgMCAwIDAgLjQwMS0uMzk5LjQuNCAwIDAgMC0uNDAxLS4zOThINS43NDRhLjQuNCAwIDAgMC0uNDAyLjM5OC40LjQgMCAwIDAgLjQwMi4zOTl6TTUuNzQ0IDEyLjY3aDkuODQ1YS40LjQgMCAwIDAgLjQwMS0uMzk5LjQuNCAwIDAgMC0uNDAxLS4zOTlINS43NDRhLjQuNCAwIDAgMC0uNDAyLjQuNC40IDAgMCAwIC40MDIuMzk4eiIvPjwvZz48L3N2Zz4="
          />
        </div>
        <div
          aria-selected={false}
          className="rdw-option-wrapper"
          onClick={[Function]}
          title="Ordered"
        >
          <img
            alt=""
            src="data:image/svg+xml;base64,PHN2ZyB3aWR0aD0iMTMiIGhlaWdodD0iMTMiIHhtbG5zPSJodHRwOi8vd3d3LnczLm9yZy8yMDAwL3N2ZyI+PGcgZmlsbD0iIzAwMCIgZmlsbC1ydWxlPSJldmVub2RkIj48cGF0aCBkPSJNNC4yMDIgMS40NjZoOC4xNWMuMzM4IDAgLjYxMi0uMzIyLjYxMi0uNzIgMC0uMzk3LS4yNzQtLjcyLS42MTItLjcyaC04LjE1Yy0uMzM4IDAtLjYxMS4zMjMtLjYxMS43MiAwIC4zOTguMjczLjcyLjYxLjcyek0xMi4zNTIgNS43ODNoLTguMTVjLS4zMzggMC0uNjExLjMyMi0uNjExLjcyIDAgLjM5Ny4yNzMuNzIuNjEuNzJoOC4xNTFjLjMzOCAwIC42MTItLjMyMy42MTItLjcyIDAtLjM5OC0uMjc0LS43Mi0uNjEyLS43MnpNMTIuMzUyIDExLjU0aC04LjE1Yy0uMzM4IDAtLjYxMS4zMjItLjYxMS43MiAwIC4zOTYuMjczLjcxOS42MS43MTloOC4xNTFjLjMzOCAwIC42MTItLjMyMy42MTItLjcyIDAtLjM5Ny0uMjc0LS43Mi0uNjEyLS43MnpNLjc2NyAxLjI0OXYxLjgwMmMwIC4xOTUuMTM2LjM0My4zMTUuMzQzLjE3NiAwIC4zMTUtLjE1LjMxNS0uMzQzVi4zNTZjMC0uMTktLjEzMy0uMzM5LS4zMDItLjMzOS0uMTQ4IDAtLjIyMy4xMTgtLjI0Ny4xNTZhLjIyOC4yMjggMCAwIDAtLjAwMy4wMDVMLjU3OS42MjFhLjQ3NC40NzQgMCAwIDAtLjA5OC4yNzNjMCAuMTk0LjEyOC4zNTEuMjg2LjM1NXpNLjM1MiA4LjE5SDEuNTVjLjE1NyAwIC4yODUtLjE2Mi4yODUtLjM2MiAwLS4xOTgtLjEyOC0uMzU5LS4yODUtLjM1OUguNjh2LS4wMDZjMC0uMTA3LjIxLS4yODEuMzc4LS40MjIuMzM2LS4yNzguNzUzLS42MjUuNzUzLTEuMjI2IDAtLjU3LS4zNzYtMS0uODc0LTEtLjQ3NyAwLS44MzYuMzg1LS44MzYuODk3IDAgLjI5Ny4xNjQuNDAyLjMwNS40MDIuMiAwIC4zMjEtLjE3Ni4zMjEtLjM0NiAwLS4xMDYuMDIzLS4yMjguMjA0LS4yMjguMjQzIDAgLjI1LjI1NC4yNS4yODMgMCAuMjI4LS4yNTIuNDQyLS40OTUuNjQ5LS4zMDEuMjU1LS42NDIuNTQ0LS42NDIuOTkydi4zODRjMCAuMjA1LjE1OS4zNDMuMzA4LjM0M3pNMS43NyAxMC41NDNjMC0uNTkyLS4yOTYtLjkzMS0uODE0LS45MzEtLjY4IDAtLjg1OS41Ny0uODU5Ljg3MiAwIC4zNTEuMjIyLjM5LjMxOC4zOS4xODUgMCAuMzEtLjE0OC4zMS0uMzY2IDAtLjA4NC4wMjYtLjE4MS4yMjQtLjE4MS4xNDIgMCAuMi4wMjQuMi4yNjcgMCAuMjM3LS4wNDMuMjYzLS4yMTMuMjYzLS4xNjQgMC0uMjg4LjE1Mi0uMjg4LjM1NCAwIC4yLjEyNS4zNS4yOTEuMzUuMjI1IDAgLjI3LjEwOC4yNy4yODN2LjA3NWMwIC4yOTQtLjA5Ny4zNS0uMjc3LjM1LS4yNDggMC0uMjY3LS4xNS0uMjY3LS4xOTcgMC0uMTc0LS4wOTgtLjM1LS4zMTctLjM1LS4xOTIgMC0uMzA3LjE0MS0uMzA3LjM3OCAwIC40My4zMTMuODg4Ljg5NS44ODguNTY0IDAgLjkwMS0uNC45MDEtMS4wN3YtLjA3NGMwLS4yNzQtLjA3NC0uNTAyLS4yMTQtLjY2Ni4wOTYtLjE2My4xNDgtLjM4LjE0OC0uNjM1eiIvPjwvZz48L3N2Zz4="
          />
        </div>
      </div>
      <div
        aria-label="rdw-history-control"
        className="rdw-history-wrapper"
      >
        <div
          className="rdw-option-wrapper rdw-option-disabled"
          onClick={[Function]}
          title="Undo"
        >
          <img
            alt=""
            src="data:image/svg+xml;base64,PHN2ZyB3aWR0aD0iMTQiIGhlaWdodD0iMTciIHhtbG5zPSJodHRwOi8vd3d3LnczLm9yZy8yMDAwL3N2ZyI+PHBhdGggZD0iTTcgMTQuODc1YzIuNjcyIDAgNC44NDYtMi4xNDUgNC44NDYtNC43ODEgMC0yLjYzNy0yLjE3NC00Ljc4MS00Ljg0Ni00Ljc4MVY4LjVMMS42MTUgNC4yNSA3IDB2My4xODhjMy44NiAwIDcgMy4wOTggNyA2LjkwNlMxMC44NiAxNyA3IDE3cy03LTMuMDk4LTctNi45MDZoMi4xNTRjMCAyLjYzNiAyLjE3NCA0Ljc4MSA0Ljg0NiA0Ljc4MXoiIGZpbGw9IiMwMDAiIGZpbGwtcnVsZT0iZXZlbm9kZCIvPjwvc3ZnPg=="
          />
        </div>
        <div
          className="rdw-option-wrapper rdw-option-disabled"
          onClick={[Function]}
          title="Redo"
        >
          <img
            alt=""
            src="data:image/svg+xml;base64,PHN2ZyB3aWR0aD0iMTMiIGhlaWdodD0iMTYiIHhtbG5zPSJodHRwOi8vd3d3LnczLm9yZy8yMDAwL3N2ZyI+PHBhdGggZD0iTTYuNTA0IDEzLjk3N2E0LjQ5NyA0LjQ5NyAwIDAgMS00LjQ5Mi00LjQ5MiA0LjQ5NyA0LjQ5NyAwIDAgMSA0LjQ5Mi00LjQ5M3YyLjk5NWw0Ljk5LTMuOTkzTDYuNTA0IDB2Mi45OTVhNi40OTYgNi40OTYgMCAwIDAtNi40ODggNi40OWMwIDMuNTc4IDIuOTEgNi40OSA2LjQ4OCA2LjQ5YTYuNDk2IDYuNDk2IDAgMCAwIDYuNDg3LTYuNDloLTEuOTk2YTQuNDk3IDQuNDk3IDAgMCAxLTQuNDkxIDQuNDkyeiIgZmlsbD0iIzAwMCIgZmlsbC1ydWxlPSJldmVub2RkIi8+PC9zdmc+"
          />
        </div>
      </div>
    </div>
    <div
      className="wysiwyg__field rdw-editor-main"
      onBlur={[Function]}
      onClick={[Function]}
      onFocus={[Function]}
      onKeyDown={[Function]}
      onMouseDown={[Function]}
    >
      <div
        className="DraftEditor-root"
      >
        <div
          className="DraftEditor-editorContainer"
        >
          <div
            aria-describedby="placeholder-5o7v3"
            aria-expanded={null}
            aria-label="rdw-editor"
            className="notranslate public-DraftEditor-content"
            contentEditable={true}
            onBeforeInput={[Function]}
            onBlur={[Function]}
            onCompositionEnd={[Function]}
            onCompositionStart={[Function]}
            onCopy={[Function]}
            onCut={[Function]}
            onDragEnd={[Function]}
            onDragEnter={[Function]}
            onDragLeave={[Function]}
            onDragOver={[Function]}
            onDragStart={[Function]}
            onDrop={[Function]}
            onFocus={[Function]}
            onInput={[Function]}
            onKeyDown={[Function]}
            onKeyPress={[Function]}
            onKeyUp={[Function]}
            onMouseUp={[Function]}
            onPaste={[Function]}
            onSelect={[Function]}
            role="textbox"
            spellCheck={false}
            style={
              Object {
                "WebkitUserSelect": "text",
                "outline": "none",
                "userSelect": "text",
                "whiteSpace": "pre-wrap",
                "wordWrap": "break-word",
              }
            }
            suppressContentEditableWarning={true}
          >
            <div
              data-contents="true"
            >
              <div
                className=""
                data-block={true}
                data-editor="5o7v3"
                data-offset-key="2rfn1-0-0"
              >
                <div
                  className="public-DraftStyleDefault-block public-DraftStyleDefault-ltr"
                  data-offset-key="2rfn1-0-0"
                >
                  <span
                    data-offset-key="2rfn1-0-0"
                    style={Object {}}
                  >
                    <br
                      data-text="true"
                    />
                  </span>
                </div>
              </div>
            </div>
          </div>
        </div>
      </div>
    </div>
  </div>
</div>
`;
