// Jest Snapshot v1, https://goo.gl/fbAQLP

exports[`<Input> atom component WHEN the component have different props THEN it should match snapshot 1`] = `
<UiSize
  height="md"
>
  <div
    className="date-picker date-picker--right-block-md"
    id="check-datepicker"
  >
    <o
      allowSameDay={false}
      customTimeInput={null}
      dateFormat="yyyy-MM-dd"
      dateFormatCalendar="LLLL yyyy"
      disabled={false}
      disabledKeyboardNavigation={false}
      dropdownMode="scroll"
      enableTabLoop={true}
      excludeScrollbar={true}
      inlineFocusSelectedMonth={false}
      monthsShown={1}
      name="date-picker"
      nextMonthButtonLabel="Next Month"
      nextYearButtonLabel="Next Year"
      onBlur={[Function]}
      onCalendarClose={[Function]}
      onCalendarOpen={[Function]}
      onChange={[Function]}
      onClickOutside={[Function]}
      onFocus={[Function]}
      onInputClick={[Function]}
      onInputError={[Function]}
      onKeyDown={[Function]}
      onMonthChange={[Function]}
      onSelect={[Function]}
      onYearChange={[Function]}
      preventOpenOnFocus={false}
      previousMonthButtonLabel="Previous Month"
      previousYearButtonLabel="Previous Year"
      readOnly={false}
      renderDayContents={[Function]}
      selected={2018-01-22T00:00:00.000Z}
      shouldCloseOnSelect={true}
      showFullMonthYearPicker={false}
      showMonthYearPicker={false}
      showPopperArrow={false}
      showPreviousMonths={false}
      showQuarterYearPicker={false}
      showTimeInput={false}
      showTimeSelect={false}
      showYearPicker={false}
      strictParsing={false}
      timeCaption="Time"
      timeInputLabel="Time"
      timeIntervals={30}
      withPortal={false}
    />
    <div
      className="input__right-block input__right-block--md"
    >
      <ReactIcon>
        <IoIosCalendar />
      </ReactIcon>
    </div>
  </div>
</UiSize>
`;

exports[`<Input> atom component WHEN the component loads THEN it should match snapshot 1`] = `
<div
  className="ui-size ui-size--height-md ui-size--width-full"
>
  <div
    className="date-picker date-picker--right-block-md"
    id="check-datepicker"
  >
    <div
      className="react-datepicker-wrapper"
    >
      <div
        className="react-datepicker__input-container"
      >
        <input
          className=""
          disabled={false}
          name="date-picker"
          onBlur={[Function]}
          onChange={[Function]}
          onClick={[Function]}
          onFocus={[Function]}
          onKeyDown={[Function]}
          readOnly={false}
          type="text"
          value=""
        />
      </div>
    </div>
    <div
      className="input__right-block input__right-block--md"
    >
      <div
        className="react-icon react-icon--color-primary react-icon--size-lg"
      >
        <svg
          fill="currentColor"
          height="1em"
          stroke="currentColor"
          strokeWidth="0"
          style={
            Object {
              "color": undefined,
            }
          }
          viewBox="0 0 512 512"
          width="1em"
          xmlns="http://www.w3.org/2000/svg"
        >
          <path
            d="M424 96h-40v24c0 4.4-3.6 8-8 8h-16c-4.4 0-8-3.6-8-8V96H160v24c0 4.4-3.6 8-8 8h-16c-4.4 0-8-3.6-8-8V96H88c-22 0-40 18-40 40v272c0 22 18 40 40 40h336c22 0 40-18 40-40V136c0-22-18-40-40-40zm8 300c0 11-9 20-20 20H100c-11 0-20-9-20-20V216c0-4.4 3.6-8 8-8h336c4.4 0 8 3.6 8 8v180zM160 72c0-4.4-3.6-8-8-8h-16c-4.4 0-8 3.6-8 8v24h32V72zM384 72c0-4.4-3.6-8-8-8h-16c-4.4 0-8 3.6-8 8v24h32V72z"
          />
        </svg>
      </div>
    </div>
  </div>
</div>
`;
