// Jest Snapshot v1, https://goo.gl/fbAQLP

exports[`<Toasts> compound component WHEN the component loads THEN it should match snapshot 1`] = `""`;
