// Jest Snapshot v1, https://goo.gl/fbAQLP

exports[`<CollapseIcon> atom component WHEN the component loads THEN it should match snapshot 1`] = `
<div
  className="collapse-icon"
  id="collapse-icon"
>
  <ReactIcon
    color="on-primary"
    size="md"
  >
    <TiArrowSortedDown />
  </ReactIcon>
</div>
`;
